  stdafx.cpp
  BossHP.cpp
D:\VSProject\BeiDou-ijl15-BingFin\ezorsia\BossHP.cpp(30,96): warning C4312: 'reinterpret_cast': 將 'const DWORD' 轉換為較大的 'UserLocal__Update_type'
D:\VSProject\BeiDou-ijl15-BingFin\ezorsia\BossHP.cpp(43,102): warning C4312: 'reinterpret_cast': 將 'const DWORD' 轉換為較大的 'Field__ShowMobHPTag_type'
D:\VSProject\BeiDou-ijl15-BingFin\ezorsia\BossHP.cpp(55,78): warning C4312: 'reinterpret_cast': 將 'const DWORD' 轉換為較大的 'Field__Init_Type'
D:\VSProject\BeiDou-ijl15-BingFin\ezorsia\BossHP.cpp(62,1): warning C4311: '類型轉換': 指標值由 'char (*)[1304]' 指派至 'int' 時會遭截斷
D:\VSProject\BeiDou-ijl15-BingFin\ezorsia\BossHP.cpp(62,1): warning C4302: '類型轉換': 從 'char (*)[1304]' 轉換為 'int'，是由較大的類型轉換為較小的類型，可能導致資料遺失
D:\VSProject\BeiDou-ijl15-BingFin\ezorsia\BossHP.cpp(63,1): warning C4311: '類型轉換': 指標值由 'char (*)[1304]' 指派至 'int' 時會遭截斷
D:\VSProject\BeiDou-ijl15-BingFin\ezorsia\BossHP.cpp(63,1): warning C4302: '類型轉換': 從 'char (*)[1304]' 轉換為 'int'，是由較大的類型轉換為較小的類型，可能導致資料遺失
D:\VSProject\BeiDou-ijl15-BingFin\ezorsia\BossHP.cpp(71,87): warning C4312: 'reinterpret_cast': 將 'const DWORD' 轉換為較大的 'Field__Dispose_Type'
D:\VSProject\BeiDou-ijl15-BingFin\ezorsia\BossHP.cpp(85,51): warning C4311: '類型轉換': 指標值由 'char (*)[1304]' 指派至 'int' 時會遭截斷
D:\VSProject\BeiDou-ijl15-BingFin\ezorsia\BossHP.cpp(85,51): warning C4302: '類型轉換': 從 'char (*)[1304]' 轉換為 'int'，是由較大的類型轉換為較小的類型，可能導致資料遺失
D:\VSProject\BeiDou-ijl15-BingFin\ezorsia\BossHP.cpp(95,46): warning C4311: '類型轉換': 指標值由 'char (*)[1304]' 指派至 'int' 時會遭截斷
D:\VSProject\BeiDou-ijl15-BingFin\ezorsia\BossHP.cpp(95,46): warning C4302: '類型轉換': 從 'char (*)[1304]' 轉換為 'int'，是由較大的類型轉換為較小的類型，可能導致資料遺失
D:\VSProject\BeiDou-ijl15-BingFin\ezorsia\BossHP.cpp(101,45): warning C4311: '類型轉換': 指標值由 'char (*)[1304]' 指派至 'int' 時會遭截斷
D:\VSProject\BeiDou-ijl15-BingFin\ezorsia\BossHP.cpp(101,45): warning C4302: '類型轉換': 從 'char (*)[1304]' 轉換為 'int'，是由較大的類型轉換為較小的類型，可能導致資料遺失
D:\VSProject\BeiDou-ijl15-BingFin\ezorsia\BossHP.cpp(107,128): warning C4312: 'reinterpret_cast': 將 'const DWORD' 轉換為較大的 'UIToolTip__SetToolTip_String_Type'
D:\VSProject\BeiDou-ijl15-BingFin\ezorsia\BossHP.cpp(114,113): warning C4312: 'reinterpret_cast': 將 'const DWORD' 轉換為較大的 'UIToolTip__ClearToolTip_Type'
D:\VSProject\BeiDou-ijl15-BingFin\ezorsia\BossHP.cpp(121,119): warning C4312: 'reinterpret_cast': 將 'const DWORD' 轉換為較大的 'UIToolTip__DisposeToolTip_Type'
D:\VSProject\BeiDou-ijl15-BingFin\ezorsia\BossHP.cpp(129,116): warning C4312: 'reinterpret_cast': 將 'const DWORD' 轉換為較大的 'UIToolTip__CreateToolTip_Type'
D:\VSProject\BeiDou-ijl15-BingFin\ezorsia\BossHP.cpp(139,33): warning C4312: '類型轉換': 將 'const DWORD' 轉換為較大的 'void *'
D:\VSProject\BeiDou-ijl15-BingFin\ezorsia\BossHP.cpp(140,54): warning C4312: 'reinterpret_cast': 將 'const DWORD' 轉換為較大的 'unsigned int *'
D:\VSProject\BeiDou-ijl15-BingFin\ezorsia\BossHP.cpp(141,33): warning C4312: '類型轉換': 將 'const DWORD' 轉換為較大的 'void *'
  Client.cpp
D:\VSProject\BeiDou-ijl15-BingFin\ezorsia\codecaves.h(3,12): error C2485: 'naked': 無法辨認的擴充屬性
D:\VSProject\BeiDou-ijl15-BingFin\ezorsia\codecaves.h(4,2): error C4235: 使用了非標準的擴充: 這種架構不支援 '__asm' 關鍵字
D:\VSProject\BeiDou-ijl15-BingFin\ezorsia\codecaves.h(5,3): error C2065: 'push': 未宣告的識別項
D:\VSProject\BeiDou-ijl15-BingFin\ezorsia\codecaves.h(5,8): error C2146: 語法錯誤: 遺漏 ';' (在識別項 'nStatusBarY' 之前)
D:\VSProject\BeiDou-ijl15-BingFin\ezorsia\codecaves.h(6,3): error C2146: 語法錯誤: 遺漏 ';' (在識別項 'push' 之前)
D:\VSProject\BeiDou-ijl15-BingFin\ezorsia\codecaves.h(6,3): error C2065: 'push': 未宣告的識別項
D:\VSProject\BeiDou-ijl15-BingFin\ezorsia\codecaves.h(6,8): error C2146: 語法錯誤: 遺漏 ';' (在識別項 'ebx' 之前)
D:\VSProject\BeiDou-ijl15-BingFin\ezorsia\codecaves.h(6,8): error C2065: 'ebx': 未宣告的識別項
D:\VSProject\BeiDou-ijl15-BingFin\ezorsia\codecaves.h(7,3): error C2146: 語法錯誤: 遺漏 ';' (在識別項 'mov' 之前)
D:\VSProject\BeiDou-ijl15-BingFin\ezorsia\codecaves.h(7,3): error C2065: 'mov': 未宣告的識別項
D:\VSProject\BeiDou-ijl15-BingFin\ezorsia\codecaves.h(7,7): error C2146: 語法錯誤: 遺漏 ';' (在識別項 'ecx' 之前)
D:\VSProject\BeiDou-ijl15-BingFin\ezorsia\codecaves.h(7,7): error C2065: 'ecx': 未宣告的識別項
D:\VSProject\BeiDou-ijl15-BingFin\ezorsia\codecaves.h(7,12): error C2065: 'esi': 未宣告的識別項
D:\VSProject\BeiDou-ijl15-BingFin\ezorsia\codecaves.h(8,3): error C2146: 語法錯誤: 遺漏 ';' (在識別項 'jmp' 之前)
D:\VSProject\BeiDou-ijl15-BingFin\ezorsia\codecaves.h(8,3): error C2065: 'jmp': 未宣告的識別項
D:\VSProject\BeiDou-ijl15-BingFin\ezorsia\codecaves.h(8,7): error C2146: 語法錯誤: 遺漏 ';' (在識別項 'dword' 之前)
D:\VSProject\BeiDou-ijl15-BingFin\ezorsia\codecaves.h(8,7): error C2065: 'dword': 未宣告的識別項
D:\VSProject\BeiDou-ijl15-BingFin\ezorsia\codecaves.h(8,13): error C2146: 語法錯誤: 遺漏 ';' (在識別項 'ptr' 之前)
D:\VSProject\BeiDou-ijl15-BingFin\ezorsia\codecaves.h(8,13): error C2065: 'ptr': 未宣告的識別項
D:\VSProject\BeiDou-ijl15-BingFin\ezorsia\codecaves.h(9,2): error C2143: 語法錯誤: 遺漏 ';' (在 '}' 之前)
D:\VSProject\BeiDou-ijl15-BingFin\ezorsia\codecaves.h(12,12): error C2485: 'naked': 無法辨認的擴充屬性
D:\VSProject\BeiDou-ijl15-BingFin\ezorsia\codecaves.h(13,2): error C4235: 使用了非標準的擴充: 這種架構不支援 '__asm' 關鍵字
D:\VSProject\BeiDou-ijl15-BingFin\ezorsia\codecaves.h(14,3): error C2065: 'push': 未宣告的識別項
D:\VSProject\BeiDou-ijl15-BingFin\ezorsia\codecaves.h(14,8): error C2146: 語法錯誤: 遺漏 ';' (在識別項 'nStatusBarY' 之前)
D:\VSProject\BeiDou-ijl15-BingFin\ezorsia\codecaves.h(15,3): error C2146: 語法錯誤: 遺漏 ';' (在識別項 'movsd' 之前)
D:\VSProject\BeiDou-ijl15-BingFin\ezorsia\codecaves.h(15,3): error C2065: 'movsd': 未宣告的識別項
D:\VSProject\BeiDou-ijl15-BingFin\ezorsia\codecaves.h(16,3): error C2146: 語法錯誤: 遺漏 ';' (在識別項 'push' 之前)
D:\VSProject\BeiDou-ijl15-BingFin\ezorsia\codecaves.h(16,3): error C2065: 'push': 未宣告的識別項
D:\VSProject\BeiDou-ijl15-BingFin\ezorsia\codecaves.h(16,8): error C2143: 語法錯誤: 遺漏 ';' (在 '常數' 之前)
D:\VSProject\BeiDou-ijl15-BingFin\ezorsia\codecaves.h(17,3): error C2146: 語法錯誤: 遺漏 ';' (在識別項 'jmp' 之前)
D:\VSProject\BeiDou-ijl15-BingFin\ezorsia\codecaves.h(17,3): error C2065: 'jmp': 未宣告的識別項
D:\VSProject\BeiDou-ijl15-BingFin\ezorsia\codecaves.h(17,7): error C2146: 語法錯誤: 遺漏 ';' (在識別項 'dword' 之前)
D:\VSProject\BeiDou-ijl15-BingFin\ezorsia\codecaves.h(17,7): error C2065: 'dword': 未宣告的識別項
D:\VSProject\BeiDou-ijl15-BingFin\ezorsia\codecaves.h(17,13): error C2146: 語法錯誤: 遺漏 ';' (在識別項 'ptr' 之前)
D:\VSProject\BeiDou-ijl15-BingFin\ezorsia\codecaves.h(17,13): error C2065: 'ptr': 未宣告的識別項
D:\VSProject\BeiDou-ijl15-BingFin\ezorsia\codecaves.h(18,2): error C2143: 語法錯誤: 遺漏 ';' (在 '}' 之前)
D:\VSProject\BeiDou-ijl15-BingFin\ezorsia\codecaves.h(21,12): error C2485: 'naked': 無法辨認的擴充屬性
D:\VSProject\BeiDou-ijl15-BingFin\ezorsia\codecaves.h(22,2): error C4235: 使用了非標準的擴充: 這種架構不支援 '__asm' 關鍵字
D:\VSProject\BeiDou-ijl15-BingFin\ezorsia\codecaves.h(23,3): error C2065: 'push': 未宣告的識別項
D:\VSProject\BeiDou-ijl15-BingFin\ezorsia\codecaves.h(23,8): error C2146: 語法錯誤: 遺漏 ';' (在識別項 'nStatusBarY' 之前)
D:\VSProject\BeiDou-ijl15-BingFin\ezorsia\codecaves.h(24,3): error C2146: 語法錯誤: 遺漏 ';' (在識別項 'push' 之前)
D:\VSProject\BeiDou-ijl15-BingFin\ezorsia\codecaves.h(24,3): error C2065: 'push': 未宣告的識別項
D:\VSProject\BeiDou-ijl15-BingFin\ezorsia\codecaves.h(24,8): error C2146: 語法錯誤: 遺漏 ';' (在識別項 'edi' 之前)
D:\VSProject\BeiDou-ijl15-BingFin\ezorsia\codecaves.h(24,8): error C2065: 'edi': 未宣告的識別項
D:\VSProject\BeiDou-ijl15-BingFin\ezorsia\codecaves.h(25,3): error C2146: 語法錯誤: 遺漏 ';' (在識別項 'lea' 之前)
D:\VSProject\BeiDou-ijl15-BingFin\ezorsia\codecaves.h(25,3): error C2065: 'lea': 未宣告的識別項
D:\VSProject\BeiDou-ijl15-BingFin\ezorsia\codecaves.h(25,7): error C2146: 語法錯誤: 遺漏 ';' (在識別項 'ecx' 之前)
D:\VSProject\BeiDou-ijl15-BingFin\ezorsia\codecaves.h(25,7): error C2065: 'ecx': 未宣告的識別項
D:\VSProject\BeiDou-ijl15-BingFin\ezorsia\codecaves.h(25,17): error C2143: 語法錯誤: 遺漏 ']' (在 '+' 之前)
D:\VSProject\BeiDou-ijl15-BingFin\ezorsia\codecaves.h(25,17): error C3481: 'esi': 找不到 Lambda 擷取變數
D:\VSProject\BeiDou-ijl15-BingFin\ezorsia\codecaves.h(25,17): error C3260: '+': 略過 lambda 主體之前未預期的語彙基元
D:\VSProject\BeiDou-ijl15-BingFin\ezorsia\codecaves.h(31,2): error C4235: 使用了非標準的擴充: 這種架構不支援 '__asm' 關鍵字
D:\VSProject\BeiDou-ijl15-BingFin\ezorsia\codecaves.h(32,3): error C2065: 'push': 未宣告的識別項
D:\VSProject\BeiDou-ijl15-BingFin\ezorsia\codecaves.h(32,8): error C2143: 語法錯誤: 遺漏 ';' (在 '常數' 之前)
D:\VSProject\BeiDou-ijl15-BingFin\ezorsia\codecaves.h(33,3): error C2146: 語法錯誤: 遺漏 ';' (在識別項 'push' 之前)
D:\VSProject\BeiDou-ijl15-BingFin\ezorsia\codecaves.h(33,3): error C2065: 'push': 未宣告的識別項
D:\VSProject\BeiDou-ijl15-BingFin\ezorsia\codecaves.h(33,8): error C2143: 語法錯誤: 遺漏 ';' (在 '常數' 之前)
D:\VSProject\BeiDou-ijl15-BingFin\ezorsia\codecaves.h(34,3): error C2146: 語法錯誤: 遺漏 ';' (在識別項 'push' 之前)
D:\VSProject\BeiDou-ijl15-BingFin\ezorsia\codecaves.h(34,3): error C2065: 'push': 未宣告的識別項
D:\VSProject\BeiDou-ijl15-BingFin\ezorsia\codecaves.h(35,3): error C2146: 語法錯誤: 遺漏 ';' (在識別項 'push' 之前)
D:\VSProject\BeiDou-ijl15-BingFin\ezorsia\codecaves.h(35,3): error C2065: 'push': 未宣告的識別項
D:\VSProject\BeiDou-ijl15-BingFin\ezorsia\codecaves.h(36,3): error C2146: 語法錯誤: 遺漏 ';' (在識別項 'jmp' 之前)
D:\VSProject\BeiDou-ijl15-BingFin\ezorsia\codecaves.h(36,3): error C2065: 'jmp': 未宣告的識別項
D:\VSProject\BeiDou-ijl15-BingFin\ezorsia\codecaves.h(36,7): error C2146: 語法錯誤: 遺漏 ';' (在識別項 'dword' 之前)
D:\VSProject\BeiDou-ijl15-BingFin\ezorsia\codecaves.h(36,7): error C2065: 'dword': 未宣告的識別項
D:\VSProject\BeiDou-ijl15-BingFin\ezorsia\codecaves.h(36,13): error C2146: 語法錯誤: 遺漏 ';' (在識別項 'ptr' 之前)
D:\VSProject\BeiDou-ijl15-BingFin\ezorsia\codecaves.h(36,13): error C2065: 'ptr': 未宣告的識別項
D:\VSProject\BeiDou-ijl15-BingFin\ezorsia\codecaves.h(37,2): error C2143: 語法錯誤: 遺漏 ';' (在 '}' 之前)
D:\VSProject\BeiDou-ijl15-BingFin\ezorsia\codecaves.h(39,12): error C2485: 'naked': 無法辨認的擴充屬性
D:\VSProject\BeiDou-ijl15-BingFin\ezorsia\codecaves.h(39,1): error C2144: 語法錯誤: 'void' 必須在 ';' 之後
D:\VSProject\BeiDou-ijl15-BingFin\ezorsia\codecaves.h(39,48): error C2601: 'PositionLoginUsername': 區域函式定義不合法
D:\VSProject\BeiDou-ijl15-BingFin\ezorsia\codecaves.h(40,2): error C4235: 使用了非標準的擴充: 這種架構不支援 '__asm' 關鍵字
D:\VSProject\BeiDou-ijl15-BingFin\ezorsia\codecaves.h(48,12): error C2485: 'naked': 無法辨認的擴充屬性
D:\VSProject\BeiDou-ijl15-BingFin\ezorsia\codecaves.h(48,48): error C2601: 'PositionLoginPassword': 區域函式定義不合法
D:\VSProject\BeiDou-ijl15-BingFin\ezorsia\codecaves.h(49,2): error C4235: 使用了非標準的擴充: 這種架構不支援 '__asm' 關鍵字
D:\VSProject\BeiDou-ijl15-BingFin\ezorsia\codecaves.h(57,12): error C2485: 'naked': 無法辨認的擴充屬性
D:\VSProject\BeiDou-ijl15-BingFin\ezorsia\codecaves.h(57,43): error C2601: 'PositionBossBarY': 區域函式定義不合法
D:\VSProject\BeiDou-ijl15-BingFin\ezorsia\codecaves.h(58,2): error C4235: 使用了非標準的擴充: 這種架構不支援 '__asm' 關鍵字
D:\VSProject\BeiDou-ijl15-BingFin\ezorsia\codecaves.h(66,12): error C2485: 'naked': 無法辨認的擴充屬性
D:\VSProject\BeiDou-ijl15-BingFin\ezorsia\codecaves.h(66,44): error C2601: 'PositionBossBarY1': 區域函式定義不合法
D:\VSProject\BeiDou-ijl15-BingFin\ezorsia\codecaves.h(67,2): error C4235: 使用了非標準的擴充: 這種架構不支援 '__asm' 關鍵字
D:\VSProject\BeiDou-ijl15-BingFin\ezorsia\codecaves.h(77,12): error C2485: 'naked': 無法辨認的擴充屬性
D:\VSProject\BeiDou-ijl15-BingFin\ezorsia\codecaves.h(77,44): error C2601: 'PositionBossBarY2': 區域函式定義不合法
D:\VSProject\BeiDou-ijl15-BingFin\ezorsia\codecaves.h(78,2): error C4235: 使用了非標準的擴充: 這種架構不支援 '__asm' 關鍵字
D:\VSProject\BeiDou-ijl15-BingFin\ezorsia\codecaves.h(89,12): error C2485: 'naked': 無法辨認的擴充屬性
D:\VSProject\BeiDou-ijl15-BingFin\ezorsia\codecaves.h(89,38): error C2601: 'CashShopFix': 區域函式定義不合法
D:\VSProject\BeiDou-ijl15-BingFin\ezorsia\codecaves.h(90,2): error C4235: 使用了非標準的擴充: 這種架構不支援 '__asm' 關鍵字
D:\VSProject\BeiDou-ijl15-BingFin\ezorsia\codecaves.h(110,12): error C2485: 'naked': 無法辨認的擴充屬性
D:\VSProject\BeiDou-ijl15-BingFin\ezorsia\codecaves.h(110,39): error C2601: 'CashShopFix1': 區域函式定義不合法
D:\VSProject\BeiDou-ijl15-BingFin\ezorsia\codecaves.h(111,2): error C4235: 使用了非標準的擴充: 這種架構不支援 '__asm' 關鍵字
D:\VSProject\BeiDou-ijl15-BingFin\ezorsia\codecaves.h(120,12): error C2485: 'naked': 無法辨認的擴充屬性
D:\VSProject\BeiDou-ijl15-BingFin\ezorsia\codecaves.h(120,39): error C2601: 'CashShopFix2': 區域函式定義不合法
D:\VSProject\BeiDou-ijl15-BingFin\ezorsia\codecaves.h(121,2): error C4235: 使用了非標準的擴充: 這種架構不支援 '__asm' 關鍵字
D:\VSProject\BeiDou-ijl15-BingFin\ezorsia\codecaves.h(130,12): error C2485: 'naked': 無法辨認的擴充屬性
D:\VSProject\BeiDou-ijl15-BingFin\ezorsia\codecaves.h(130,39): error C2601: 'CashShopFix3': 區域函式定義不合法
D:\VSProject\BeiDou-ijl15-BingFin\ezorsia\codecaves.h(131,2): error C4235: 使用了非標準的擴充: 這種架構不支援 '__asm' 關鍵字
D:\VSProject\BeiDou-ijl15-BingFin\ezorsia\codecaves.h(140,12): error C2485: 'naked': 無法辨認的擴充屬性
D:\VSProject\BeiDou-ijl15-BingFin\ezorsia\codecaves.h(140,39): error C2601: 'CashShopFix4': 區域函式定義不合法
D:\VSProject\BeiDou-ijl15-BingFin\ezorsia\codecaves.h(141,2): error C4235: 使用了非標準的擴充: 這種架構不支援 '__asm' 關鍵字
D:\VSProject\BeiDou-ijl15-BingFin\ezorsia\codecaves.h(150,12): error C2485: 'naked': 無法辨認的擴充屬性
D:\VSProject\BeiDou-ijl15-BingFin\ezorsia\codecaves.h(150,39): error C2601: 'CashShopFix5': 區域函式定義不合法
D:\VSProject\BeiDou-ijl15-BingFin\ezorsia\codecaves.h(151,2): error C4235: 使用了非標準的擴充: 這種架構不支援 '__asm' 關鍵字
D:\VSProject\BeiDou-ijl15-BingFin\ezorsia\codecaves.h(160,12): error C2485: 'naked': 無法辨認的擴充屬性
D:\VSProject\BeiDou-ijl15-BingFin\ezorsia\codecaves.h(160,39): error C2601: 'CashShopFix6': 區域函式定義不合法
D:\VSProject\BeiDou-ijl15-BingFin\ezorsia\codecaves.h(161,2): error C4235: 使用了非標準的擴充: 這種架構不支援 '__asm' 關鍵字
D:\VSProject\BeiDou-ijl15-BingFin\ezorsia\codecaves.h(169,12): error C2485: 'naked': 無法辨認的擴充屬性
D:\VSProject\BeiDou-ijl15-BingFin\ezorsia\codecaves.h(169,39): error C2601: 'CashShopFix7': 區域函式定義不合法
D:\VSProject\BeiDou-ijl15-BingFin\ezorsia\codecaves.h(170,2): error C4235: 使用了非標準的擴充: 這種架構不支援 '__asm' 關鍵字
D:\VSProject\BeiDou-ijl15-BingFin\ezorsia\codecaves.h(179,12): error C2485: 'naked': 無法辨認的擴充屬性
D:\VSProject\BeiDou-ijl15-BingFin\ezorsia\codecaves.h(179,39): error C2601: 'CashShopFix8': 區域函式定義不合法
D:\VSProject\BeiDou-ijl15-BingFin\ezorsia\codecaves.h(180,2): error C4235: 使用了非標準的擴充: 這種架構不支援 '__asm' 關鍵字
D:\VSProject\BeiDou-ijl15-BingFin\ezorsia\codecaves.h(189,12): error C2485: 'naked': 無法辨認的擴充屬性
D:\VSProject\BeiDou-ijl15-BingFin\ezorsia\codecaves.h(189,43): error C2601: 'CashShopFixOnOff': 區域函式定義不合法
D:\VSProject\BeiDou-ijl15-BingFin\ezorsia\codecaves.h(190,2): error C4235: 使用了非標準的擴充: 這種架構不支援 '__asm' 關鍵字
D:\VSProject\BeiDou-ijl15-BingFin\ezorsia\codecaves.h(203,12): error C2485: 'naked': 無法辨認的擴充屬性
D:\VSProject\BeiDou-ijl15-BingFin\ezorsia\codecaves.h(203,42): error C2601: 'CashShopFixPrev': 區域函式定義不合法
D:\VSProject\BeiDou-ijl15-BingFin\ezorsia\codecaves.h(204,2): error C4235: 使用了非標準的擴充: 這種架構不支援 '__asm' 關鍵字
D:\VSProject\BeiDou-ijl15-BingFin\ezorsia\codecaves.h(222,12): error C2485: 'naked': 無法辨認的擴充屬性
D:\VSProject\BeiDou-ijl15-BingFin\ezorsia\codecaves.h(222,34): error C2601: 'ITCFix1': 區域函式定義不合法
D:\VSProject\BeiDou-ijl15-BingFin\ezorsia\codecaves.h(223,2): error C4235: 使用了非標準的擴充: 這種架構不支援 '__asm' 關鍵字
D:\VSProject\BeiDou-ijl15-BingFin\ezorsia\codecaves.h(232,12): error C2485: 'naked': 無法辨認的擴充屬性
D:\VSProject\BeiDou-ijl15-BingFin\ezorsia\codecaves.h(232,34): error C2601: 'ITCFix2': 區域函式定義不合法
D:\VSProject\BeiDou-ijl15-BingFin\ezorsia\codecaves.h(232,34): fatal error C1003: 錯誤計數超過 100; 停止編譯
  ijl15.cpp
D:\VSProject\BeiDou-ijl15-BingFin\ezorsia\ijl15.cpp(25,45): error C2485: 'naked': 無法辨認的擴充屬性
D:\VSProject\BeiDou-ijl15-BingFin\ezorsia\ijl15.cpp(27,2): error C4235: 使用了非標準的擴充: 這種架構不支援 '__asm' 關鍵字
D:\VSProject\BeiDou-ijl15-BingFin\ezorsia\ijl15.cpp(27,8): error C2065: 'jmp': 未宣告的識別項
D:\VSProject\BeiDou-ijl15-BingFin\ezorsia\ijl15.cpp(27,12): error C2146: 語法錯誤: 遺漏 ';' (在識別項 'dword' 之前)
D:\VSProject\BeiDou-ijl15-BingFin\ezorsia\ijl15.cpp(27,12): error C2065: 'dword': 未宣告的識別項
D:\VSProject\BeiDou-ijl15-BingFin\ezorsia\ijl15.cpp(27,18): error C2146: 語法錯誤: 遺漏 ';' (在識別項 'ptr' 之前)
D:\VSProject\BeiDou-ijl15-BingFin\ezorsia\ijl15.cpp(27,18): error C2065: 'ptr': 未宣告的識別項
D:\VSProject\BeiDou-ijl15-BingFin\ezorsia\ijl15.cpp(28,1): error C2143: 語法錯誤: 遺漏 ';' (在 '}' 之前)
D:\VSProject\BeiDou-ijl15-BingFin\ezorsia\ijl15.cpp(30,45): error C2485: 'naked': 無法辨認的擴充屬性
D:\VSProject\BeiDou-ijl15-BingFin\ezorsia\ijl15.cpp(32,2): error C4235: 使用了非標準的擴充: 這種架構不支援 '__asm' 關鍵字
D:\VSProject\BeiDou-ijl15-BingFin\ezorsia\ijl15.cpp(32,8): error C2065: 'jmp': 未宣告的識別項
D:\VSProject\BeiDou-ijl15-BingFin\ezorsia\ijl15.cpp(32,12): error C2146: 語法錯誤: 遺漏 ';' (在識別項 'dword' 之前)
D:\VSProject\BeiDou-ijl15-BingFin\ezorsia\ijl15.cpp(32,12): error C2065: 'dword': 未宣告的識別項
D:\VSProject\BeiDou-ijl15-BingFin\ezorsia\ijl15.cpp(32,18): error C2146: 語法錯誤: 遺漏 ';' (在識別項 'ptr' 之前)
D:\VSProject\BeiDou-ijl15-BingFin\ezorsia\ijl15.cpp(32,18): error C2065: 'ptr': 未宣告的識別項
D:\VSProject\BeiDou-ijl15-BingFin\ezorsia\ijl15.cpp(33,1): error C2143: 語法錯誤: 遺漏 ';' (在 '}' 之前)
D:\VSProject\BeiDou-ijl15-BingFin\ezorsia\ijl15.cpp(35,45): error C2485: 'naked': 無法辨認的擴充屬性
D:\VSProject\BeiDou-ijl15-BingFin\ezorsia\ijl15.cpp(37,2): error C4235: 使用了非標準的擴充: 這種架構不支援 '__asm' 關鍵字
D:\VSProject\BeiDou-ijl15-BingFin\ezorsia\ijl15.cpp(37,8): error C2065: 'jmp': 未宣告的識別項
D:\VSProject\BeiDou-ijl15-BingFin\ezorsia\ijl15.cpp(37,12): error C2146: 語法錯誤: 遺漏 ';' (在識別項 'dword' 之前)
D:\VSProject\BeiDou-ijl15-BingFin\ezorsia\ijl15.cpp(37,12): error C2065: 'dword': 未宣告的識別項
D:\VSProject\BeiDou-ijl15-BingFin\ezorsia\ijl15.cpp(37,18): error C2146: 語法錯誤: 遺漏 ';' (在識別項 'ptr' 之前)
D:\VSProject\BeiDou-ijl15-BingFin\ezorsia\ijl15.cpp(37,18): error C2065: 'ptr': 未宣告的識別項
D:\VSProject\BeiDou-ijl15-BingFin\ezorsia\ijl15.cpp(38,1): error C2143: 語法錯誤: 遺漏 ';' (在 '}' 之前)
D:\VSProject\BeiDou-ijl15-BingFin\ezorsia\ijl15.cpp(40,45): error C2485: 'naked': 無法辨認的擴充屬性
D:\VSProject\BeiDou-ijl15-BingFin\ezorsia\ijl15.cpp(42,2): error C4235: 使用了非標準的擴充: 這種架構不支援 '__asm' 關鍵字
D:\VSProject\BeiDou-ijl15-BingFin\ezorsia\ijl15.cpp(42,8): error C2065: 'jmp': 未宣告的識別項
D:\VSProject\BeiDou-ijl15-BingFin\ezorsia\ijl15.cpp(42,12): error C2146: 語法錯誤: 遺漏 ';' (在識別項 'dword' 之前)
D:\VSProject\BeiDou-ijl15-BingFin\ezorsia\ijl15.cpp(42,12): error C2065: 'dword': 未宣告的識別項
D:\VSProject\BeiDou-ijl15-BingFin\ezorsia\ijl15.cpp(42,18): error C2146: 語法錯誤: 遺漏 ';' (在識別項 'ptr' 之前)
D:\VSProject\BeiDou-ijl15-BingFin\ezorsia\ijl15.cpp(42,18): error C2065: 'ptr': 未宣告的識別項
D:\VSProject\BeiDou-ijl15-BingFin\ezorsia\ijl15.cpp(43,1): error C2143: 語法錯誤: 遺漏 ';' (在 '}' 之前)
D:\VSProject\BeiDou-ijl15-BingFin\ezorsia\ijl15.cpp(45,45): error C2485: 'naked': 無法辨認的擴充屬性
D:\VSProject\BeiDou-ijl15-BingFin\ezorsia\ijl15.cpp(47,2): error C4235: 使用了非標準的擴充: 這種架構不支援 '__asm' 關鍵字
D:\VSProject\BeiDou-ijl15-BingFin\ezorsia\ijl15.cpp(47,8): error C2065: 'jmp': 未宣告的識別項
D:\VSProject\BeiDou-ijl15-BingFin\ezorsia\ijl15.cpp(47,12): error C2146: 語法錯誤: 遺漏 ';' (在識別項 'dword' 之前)
D:\VSProject\BeiDou-ijl15-BingFin\ezorsia\ijl15.cpp(47,12): error C2065: 'dword': 未宣告的識別項
D:\VSProject\BeiDou-ijl15-BingFin\ezorsia\ijl15.cpp(47,18): error C2146: 語法錯誤: 遺漏 ';' (在識別項 'ptr' 之前)
D:\VSProject\BeiDou-ijl15-BingFin\ezorsia\ijl15.cpp(47,18): error C2065: 'ptr': 未宣告的識別項
D:\VSProject\BeiDou-ijl15-BingFin\ezorsia\ijl15.cpp(48,1): error C2143: 語法錯誤: 遺漏 ';' (在 '}' 之前)
D:\VSProject\BeiDou-ijl15-BingFin\ezorsia\ijl15.cpp(50,45): error C2485: 'naked': 無法辨認的擴充屬性
D:\VSProject\BeiDou-ijl15-BingFin\ezorsia\ijl15.cpp(52,2): error C4235: 使用了非標準的擴充: 這種架構不支援 '__asm' 關鍵字
D:\VSProject\BeiDou-ijl15-BingFin\ezorsia\ijl15.cpp(52,8): error C2065: 'jmp': 未宣告的識別項
D:\VSProject\BeiDou-ijl15-BingFin\ezorsia\ijl15.cpp(52,12): error C2146: 語法錯誤: 遺漏 ';' (在識別項 'dword' 之前)
D:\VSProject\BeiDou-ijl15-BingFin\ezorsia\ijl15.cpp(52,12): error C2065: 'dword': 未宣告的識別項
D:\VSProject\BeiDou-ijl15-BingFin\ezorsia\ijl15.cpp(52,18): error C2146: 語法錯誤: 遺漏 ';' (在識別項 'ptr' 之前)
D:\VSProject\BeiDou-ijl15-BingFin\ezorsia\ijl15.cpp(52,18): error C2065: 'ptr': 未宣告的識別項
D:\VSProject\BeiDou-ijl15-BingFin\ezorsia\ijl15.cpp(53,1): error C2143: 語法錯誤: 遺漏 ';' (在 '}' 之前)
  ConvertUTF8.cpp
D:\VSProject\BeiDou-ijl15-BingFin\ezorsia\ConvertUTF8.cpp(6,109): warning C4312: '<function-style-cast>': 將 'DWORD' 轉換為較大的 'BOOL (__cdecl *)(LPMSG,HWND,UINT,UINT,UINT)'
D:\VSProject\BeiDou-ijl15-BingFin\ezorsia\ConvertUTF8.cpp(20,129): warning C4312: '<function-style-cast>': 將 'DWORD' 轉換為較大的 'HIMC (__cdecl *)(HWND,HIMC)'
D:\VSProject\BeiDou-ijl15-BingFin\ezorsia\ConvertUTF8.cpp(37,135): warning C4312: '<function-style-cast>': 將 'DWORD' 轉換為較大的 'BOOL (__cdecl *)(HDC,LPCSTR,int,LPSIZE)'
D:\VSProject\BeiDou-ijl15-BingFin\ezorsia\ConvertUTF8.cpp(53,132): warning C4312: '<function-style-cast>': 將 'DWORD' 轉換為較大的 'int (__cdecl *)(UINT,DWORD,LPCCH,int,LPWSTR,int)'
D:\VSProject\BeiDou-ijl15-BingFin\ezorsia\ConvertUTF8.cpp(68,132): warning C4312: '<function-style-cast>': 將 'DWORD' 轉換為較大的 'int (__cdecl *)(UINT,DWORD,LPCWCH,int,LPSTR,int,LPCCH,LPBOOL)'
D:\VSProject\BeiDou-ijl15-BingFin\ezorsia\ConvertUTF8.cpp(96,96): warning C4312: '<function-style-cast>': 將 'DWORD' 轉換為較大的 'BOOL (__cdecl *)(HDC,int,int,LPCSTR,int)'
D:\VSProject\BeiDou-ijl15-BingFin\ezorsia\ConvertUTF8.cpp(118,100): warning C4312: '<function-style-cast>': 將 'DWORD' 轉換為較大的 'LPSTR (__cdecl *)(LPCSTR,LPCSTR)'
D:\VSProject\BeiDou-ijl15-BingFin\ezorsia\ConvertUTF8.cpp(138,100): warning C4312: '<function-style-cast>': 將 'DWORD' 轉換為較大的 'LPSTR (__cdecl *)(LPCSTR)'
  ZAllocEx.cpp
D:\VSProject\BeiDou-ijl15-BingFin\ezorsia\MapleClientCollectionTypes\ZAllocBase.h(25,1): warning C4312: 'reinterpret_cast': 將 'UINT' 轉換為較大的 'PVOID'
D:\VSProject\BeiDou-ijl15-BingFin\ezorsia\MapleClientCollectionTypes\ZAllocBase.h(31,1): warning C4312: 'reinterpret_cast': 將 'UINT' 轉換為較大的 'PVOID'
D:\VSProject\BeiDou-ijl15-BingFin\ezorsia\MapleClientCollectionTypes\ZAllocBase.h(45,1): warning C4312: 'reinterpret_cast': 將 'UINT' 轉換為較大的 'PVOID'
D:\VSProject\BeiDou-ijl15-BingFin\ezorsia\MapleClientCollectionTypes\ZAllocEx.h(59,1): error C2821: 'operator new' 的第一個型式參數必須是 'size_t'
D:\VSProject\BeiDou-ijl15-BingFin\ezorsia\MapleClientCollectionTypes\ZAllocEx.h(59,1): error C2333: 'ZAllocEx<ZAllocAnonSelector>::operator new': 函式宣告發生錯誤; 略過函式主體
D:\VSProject\BeiDou-ijl15-BingFin\ezorsia\MapleClientCollectionTypes\ZAllocEx.h(259,1): error C2821: 'operator new' 的第一個型式參數必須是 'size_t'
D:\VSProject\BeiDou-ijl15-BingFin\ezorsia\MapleClientCollectionTypes\ZAllocEx.h(415): message : 請參考正在進行編譯的 類別 樣板 具現化 'ZAllocEx<ZAllocStrSelector<T>>'
D:\VSProject\BeiDou-ijl15-BingFin\ezorsia\MapleClientCollectionTypes\ZAllocEx.h(259,1): error C2333: 'ZAllocEx<ZAllocStrSelector<T>>::operator new': 函式宣告發生錯誤; 略過函式主體
  dllmain.cpp
D:\VSProject\BeiDou-ijl15-BingFin\ezorsia\MapleClientCollectionTypes\ZAllocBase.h(25,1): warning C4312: 'reinterpret_cast': 將 'UINT' 轉換為較大的 'PVOID'
D:\VSProject\BeiDou-ijl15-BingFin\ezorsia\MapleClientCollectionTypes\ZAllocBase.h(31,1): warning C4312: 'reinterpret_cast': 將 'UINT' 轉換為較大的 'PVOID'
D:\VSProject\BeiDou-ijl15-BingFin\ezorsia\MapleClientCollectionTypes\ZAllocBase.h(45,1): warning C4312: 'reinterpret_cast': 將 'UINT' 轉換為較大的 'PVOID'
D:\VSProject\BeiDou-ijl15-BingFin\ezorsia\MapleClientCollectionTypes\ZAllocEx.h(59,1): error C2821: 'operator new' 的第一個型式參數必須是 'size_t'
D:\VSProject\BeiDou-ijl15-BingFin\ezorsia\MapleClientCollectionTypes\ZAllocEx.h(59,1): error C2333: 'ZAllocEx<ZAllocAnonSelector>::operator new': 函式宣告發生錯誤; 略過函式主體
D:\VSProject\BeiDou-ijl15-BingFin\ezorsia\MapleClientCollectionTypes\ZAllocEx.h(259,1): error C2821: 'operator new' 的第一個型式參數必須是 'size_t'
D:\VSProject\BeiDou-ijl15-BingFin\ezorsia\MapleClientCollectionTypes\ZAllocEx.h(415): message : 請參考正在進行編譯的 類別 樣板 具現化 'ZAllocEx<ZAllocStrSelector<T>>'
D:\VSProject\BeiDou-ijl15-BingFin\ezorsia\MapleClientCollectionTypes\ZAllocEx.h(259,1): error C2333: 'ZAllocEx<ZAllocStrSelector<T>>::operator new': 函式宣告發生錯誤; 略過函式主體
D:\VSProject\BeiDou-ijl15-BingFin\ezorsia\AutoTypes.h(67,1): warning C4267: '正在初始化': 將 'size_t' 轉換為 'int'，資料可能遺失
D:\VSProject\BeiDou-ijl15-BingFin\ezorsia\ReplacementFuncs.h(58,52): warning C4311: '類型轉換': 指標值由 'FARPROC' 指派至 'DWORD' 時會遭截斷
D:\VSProject\BeiDou-ijl15-BingFin\ezorsia\ReplacementFuncs.h(58,52): warning C4302: '類型轉換': 從 'FARPROC' 轉換為 'DWORD'，是由較大的類型轉換為較小的類型，可能導致資料遺失
D:\VSProject\BeiDou-ijl15-BingFin\ezorsia\ReplacementFuncs.h(74,96): warning C4312: '<function-style-cast>': 將 'DWORD' 轉換為較大的 'HANDLE (__cdecl *)(LPSECURITY_ATTRIBUTES,BOOL,LPCSTR)'
  Memory.cpp
D:\VSProject\BeiDou-ijl15-BingFin\ezorsia\Memory.cpp(36,47): warning C4312: '類型轉換': 將 'const DWORD' 轉換為較大的 'LPVOID'
D:\VSProject\BeiDou-ijl15-BingFin\ezorsia\Memory.cpp(37,38): warning C4312: '類型轉換': 將 'const DWORD' 轉換為較大的 'void *'
D:\VSProject\BeiDou-ijl15-BingFin\ezorsia\Memory.cpp(38,47): warning C4312: '類型轉換': 將 'const DWORD' 轉換為較大的 'LPVOID'
D:\VSProject\BeiDou-ijl15-BingFin\ezorsia\Memory.cpp(40,41): warning C4312: '類型轉換': 將 'const DWORD' 轉換為較大的 'void *'
D:\VSProject\BeiDou-ijl15-BingFin\ezorsia\Memory.cpp(52,60): warning C4267: '引數': 將 'size_t' 轉換為 'int'，資料可能遺失
D:\VSProject\BeiDou-ijl15-BingFin\ezorsia\Memory.cpp(52,60): warning C4267: '引數': 將 'size_t' 轉換為 'DWORD'，資料可能遺失
D:\VSProject\BeiDou-ijl15-BingFin\ezorsia\Memory.cpp(63,60): warning C4267: '引數': 將 'size_t' 轉換為 'int'，資料可能遺失
D:\VSProject\BeiDou-ijl15-BingFin\ezorsia\Memory.cpp(63,60): warning C4267: '引數': 將 'size_t' 轉換為 'DWORD'，資料可能遺失
D:\VSProject\BeiDou-ijl15-BingFin\ezorsia\Memory.cpp(70,47): warning C4312: '類型轉換': 將 'const DWORD' 轉換為較大的 'LPVOID'
D:\VSProject\BeiDou-ijl15-BingFin\ezorsia\Memory.cpp(71,38): warning C4312: '類型轉換': 將 'const DWORD' 轉換為較大的 'void *'
D:\VSProject\BeiDou-ijl15-BingFin\ezorsia\Memory.cpp(72,47): warning C4312: '類型轉換': 將 'const DWORD' 轉換為較大的 'LPVOID'
D:\VSProject\BeiDou-ijl15-BingFin\ezorsia\Memory.cpp(74,41): warning C4312: '類型轉換': 將 'const DWORD' 轉換為較大的 'void *'
D:\VSProject\BeiDou-ijl15-BingFin\ezorsia\Memory.cpp(80,47): warning C4312: '類型轉換': 將 'const DWORD' 轉換為較大的 'LPVOID'
D:\VSProject\BeiDou-ijl15-BingFin\ezorsia\Memory.cpp(81,42): warning C4312: '類型轉換': 將 'const DWORD' 轉換為較大的 'unsigned char *'
D:\VSProject\BeiDou-ijl15-BingFin\ezorsia\Memory.cpp(82,47): warning C4312: '類型轉換': 將 'const DWORD' 轉換為較大的 'LPVOID'
D:\VSProject\BeiDou-ijl15-BingFin\ezorsia\Memory.cpp(84,45): warning C4312: '類型轉換': 將 'const DWORD' 轉換為較大的 'unsigned char *'
D:\VSProject\BeiDou-ijl15-BingFin\ezorsia\Memory.cpp(90,47): warning C4312: '類型轉換': 將 'const DWORD' 轉換為較大的 'LPVOID'
D:\VSProject\BeiDou-ijl15-BingFin\ezorsia\Memory.cpp(91,43): warning C4312: '類型轉換': 將 'const DWORD' 轉換為較大的 'unsigned short *'
D:\VSProject\BeiDou-ijl15-BingFin\ezorsia\Memory.cpp(92,47): warning C4312: '類型轉換': 將 'const DWORD' 轉換為較大的 'LPVOID'
D:\VSProject\BeiDou-ijl15-BingFin\ezorsia\Memory.cpp(94,46): warning C4312: '類型轉換': 將 'const DWORD' 轉換為較大的 'unsigned short *'
D:\VSProject\BeiDou-ijl15-BingFin\ezorsia\Memory.cpp(100,47): warning C4312: '類型轉換': 將 'const DWORD' 轉換為較大的 'LPVOID'
D:\VSProject\BeiDou-ijl15-BingFin\ezorsia\Memory.cpp(101,41): warning C4312: '類型轉換': 將 'const DWORD' 轉換為較大的 'unsigned int *'
D:\VSProject\BeiDou-ijl15-BingFin\ezorsia\Memory.cpp(102,47): warning C4312: '類型轉換': 將 'const DWORD' 轉換為較大的 'LPVOID'
D:\VSProject\BeiDou-ijl15-BingFin\ezorsia\Memory.cpp(104,44): warning C4312: '類型轉換': 將 'const DWORD' 轉換為較大的 'unsigned int *'
D:\VSProject\BeiDou-ijl15-BingFin\ezorsia\Memory.cpp(110,47): warning C4312: '類型轉換': 將 'const DWORD' 轉換為較大的 'LPVOID'
D:\VSProject\BeiDou-ijl15-BingFin\ezorsia\Memory.cpp(111,35): warning C4312: '類型轉換': 將 'const DWORD' 轉換為較大的 'double *'
D:\VSProject\BeiDou-ijl15-BingFin\ezorsia\Memory.cpp(112,47): warning C4312: '類型轉換': 將 'const DWORD' 轉換為較大的 'LPVOID'
D:\VSProject\BeiDou-ijl15-BingFin\ezorsia\Memory.cpp(114,38): warning C4312: '類型轉換': 將 'const DWORD' 轉換為較大的 'double *'
D:\VSProject\BeiDou-ijl15-BingFin\ezorsia\Memory.cpp(122,43): warning C4312: '類型轉換': 將 'const DWORD' 轉換為較大的 'LPVOID'
D:\VSProject\BeiDou-ijl15-BingFin\ezorsia\Memory.cpp(123,38): warning C4312: '類型轉換': 將 'const DWORD' 轉換為較大的 'unsigned char *'
D:\VSProject\BeiDou-ijl15-BingFin\ezorsia\Memory.cpp(124,43): warning C4312: '類型轉換': 將 'const DWORD' 轉換為較大的 'LPVOID'
D:\VSProject\BeiDou-ijl15-BingFin\ezorsia\Memory.cpp(128,117): warning C4312: '類型轉換': 將 'const DWORD' 轉換為較大的 'unsigned char *'
D:\VSProject\BeiDou-ijl15-BingFin\ezorsia\Memory.cpp(136,57): warning C4311: '類型轉換': 指標值由 'void *' 指派至 'int' 時會遭截斷
D:\VSProject\BeiDou-ijl15-BingFin\ezorsia\Memory.cpp(136,57): warning C4302: '類型轉換': 從 'void *' 轉換為 'int'，是由較大的類型轉換為較小的類型，可能導致資料遺失
D:\VSProject\BeiDou-ijl15-BingFin\ezorsia\Memory.cpp(151,67): warning C4311: '類型轉換': 指標值由 'FARPROC' 指派至 'DWORD' 時會遭截斷
D:\VSProject\BeiDou-ijl15-BingFin\ezorsia\Memory.cpp(151,67): warning C4302: '類型轉換': 從 'FARPROC' 轉換為 'DWORD'，是由較大的類型轉換為較小的類型，可能導致資料遺失
  NMCO.cpp
D:\VSProject\BeiDou-ijl15-BingFin\ezorsia\NMCO.cpp(19,45): error C2485: 'naked': 無法辨認的擴充屬性
D:\VSProject\BeiDou-ijl15-BingFin\ezorsia\NMCO.cpp(20,2): error C4235: 使用了非標準的擴充: 這種架構不支援 '__asm' 關鍵字
D:\VSProject\BeiDou-ijl15-BingFin\ezorsia\NMCO.cpp(20,8): error C2065: 'jmp': 未宣告的識別項
D:\VSProject\BeiDou-ijl15-BingFin\ezorsia\NMCO.cpp(20,12): error C2146: 語法錯誤: 遺漏 ';' (在識別項 'dwNMCOCallFunc' 之前)
D:\VSProject\BeiDou-ijl15-BingFin\ezorsia\NMCO.cpp(21,1): error C2143: 語法錯誤: 遺漏 ';' (在 '}' 之前)
D:\VSProject\BeiDou-ijl15-BingFin\ezorsia\NMCO.cpp(23,45): error C2485: 'naked': 無法辨認的擴充屬性
D:\VSProject\BeiDou-ijl15-BingFin\ezorsia\NMCO.cpp(24,2): error C4235: 使用了非標準的擴充: 這種架構不支援 '__asm' 關鍵字
D:\VSProject\BeiDou-ijl15-BingFin\ezorsia\NMCO.cpp(24,8): error C2065: 'jmp': 未宣告的識別項
D:\VSProject\BeiDou-ijl15-BingFin\ezorsia\NMCO.cpp(24,12): error C2146: 語法錯誤: 遺漏 ';' (在識別項 'dwNMCOCallFunc2' 之前)
D:\VSProject\BeiDou-ijl15-BingFin\ezorsia\NMCO.cpp(25,1): error C2143: 語法錯誤: 遺漏 ';' (在 '}' 之前)
D:\VSProject\BeiDou-ijl15-BingFin\ezorsia\NMCO.cpp(27,45): error C2485: 'naked': 無法辨認的擴充屬性
D:\VSProject\BeiDou-ijl15-BingFin\ezorsia\NMCO.cpp(28,2): error C4235: 使用了非標準的擴充: 這種架構不支援 '__asm' 關鍵字
D:\VSProject\BeiDou-ijl15-BingFin\ezorsia\NMCO.cpp(28,8): error C2065: 'jmp': 未宣告的識別項
D:\VSProject\BeiDou-ijl15-BingFin\ezorsia\NMCO.cpp(28,12): error C2146: 語法錯誤: 遺漏 ';' (在識別項 'dwNMCOMemoryFree' 之前)
D:\VSProject\BeiDou-ijl15-BingFin\ezorsia\NMCO.cpp(29,1): error C2143: 語法錯誤: 遺漏 ';' (在 '}' 之前)
  正在產生程式碼...
